TLC2 Version 2026.03.02.213938 (rev: 54e73ad)
Running breadth-first search Model-Checking with fp 74 and seed 8840826609547388616 with 1 worker on 4 cores with 869MB heap and 64MB offheap memory [pid: 8] (Linux 6.8.0-136-generic aarch64, Ubuntu 11.0.31 x86_64, MSBDiskFPSet, DiskStateQueue).
Parsing file /sessions/sleepy-elegant-mccarthy/mnt/maestria/evm-cosmos-indicator-htlc/formal/HTLCCallback.tla
Parsing file /tmp/tlc-7306697557778518615/Naturals.tla (jar:file:/sessions/sleepy-elegant-mccarthy/mnt/maestria/evm-cosmos-indicator-htlc/formal/tla2tools.jar!/tla2sany/StandardModules/Naturals.tla)
Parsing file /tmp/tlc-7306697557778518615/_TLCTrace.tla (jar:file:/sessions/sleepy-elegant-mccarthy/mnt/maestria/evm-cosmos-indicator-htlc/formal/tla2tools.jar!/tla2sany/StandardModules/_TLCTrace.tla)
Parsing file /tmp/tlc-7306697557778518615/TLC.tla (jar:file:/sessions/sleepy-elegant-mccarthy/mnt/maestria/evm-cosmos-indicator-htlc/formal/tla2tools.jar!/tla2sany/StandardModules/TLC.tla)
Parsing file /tmp/tlc-7306697557778518615/TLCExt.tla (jar:file:/sessions/sleepy-elegant-mccarthy/mnt/maestria/evm-cosmos-indicator-htlc/formal/tla2tools.jar!/tla2sany/StandardModules/TLCExt.tla)
Parsing file /tmp/tlc-7306697557778518615/Sequences.tla (jar:file:/sessions/sleepy-elegant-mccarthy/mnt/maestria/evm-cosmos-indicator-htlc/formal/tla2tools.jar!/tla2sany/StandardModules/Sequences.tla)
Parsing file /tmp/tlc-7306697557778518615/FiniteSets.tla (jar:file:/sessions/sleepy-elegant-mccarthy/mnt/maestria/evm-cosmos-indicator-htlc/formal/tla2tools.jar!/tla2sany/StandardModules/FiniteSets.tla)
Parsing file /tmp/tlc-7306697557778518615/Integers.tla (jar:file:/sessions/sleepy-elegant-mccarthy/mnt/maestria/evm-cosmos-indicator-htlc/formal/tla2tools.jar!/tla2sany/StandardModules/Integers.tla)
Semantic processing of module Naturals
Semantic processing of module Sequences
Semantic processing of module FiniteSets
Semantic processing of module TLC
Semantic processing of module Integers
Semantic processing of module TLCExt
Semantic processing of module _TLCTrace
Semantic processing of module HTLCCallback
Linting of module TLCExt
Linting of module _TLCTrace
Linting of module HTLCCallback
Starting... (2026-08-23 21:48:56)
Computing initial states...
Finished computing initial states: 1 distinct state generated at 2026-08-23 21:48:56.
Model checking completed. No error has been found.
  Estimates of the probability that TLC did not check all reachable states
  because two distinct states had the same fingerprint:
  calculated (optimistic):  val = 2.6E-14
1461 states generated, 505 distinct states found, 0 states left on queue.
The depth of the complete state graph search is 15.
The average outdegree of the complete state graph is 1 (minimum is 0, the maximum 5 and the 95th percentile is 2).
Finished in 00s at (2026-08-23 21:48:56)
