TLC2 Version 2026.03.02.213938 (rev: 54e73ad)
Running breadth-first search Model-Checking with fp 107 and seed -3378557147694618489 with 1 worker on 4 cores with 869MB heap and 64MB offheap memory [pid: 58] (Linux 6.8.0-136-generic aarch64, Ubuntu 11.0.31 x86_64, MSBDiskFPSet, DiskStateQueue).
Parsing file /sessions/sleepy-elegant-mccarthy/mnt/maestria/evm-cosmos-indicator-htlc/formal/HTLCCallback.tla
Parsing file /tmp/tlc-8349646017264158404/Naturals.tla (jar:file:/sessions/sleepy-elegant-mccarthy/mnt/maestria/evm-cosmos-indicator-htlc/formal/tla2tools.jar!/tla2sany/StandardModules/Naturals.tla)
Parsing file /tmp/tlc-8349646017264158404/_TLCTrace.tla (jar:file:/sessions/sleepy-elegant-mccarthy/mnt/maestria/evm-cosmos-indicator-htlc/formal/tla2tools.jar!/tla2sany/StandardModules/_TLCTrace.tla)
Parsing file /tmp/tlc-8349646017264158404/TLC.tla (jar:file:/sessions/sleepy-elegant-mccarthy/mnt/maestria/evm-cosmos-indicator-htlc/formal/tla2tools.jar!/tla2sany/StandardModules/TLC.tla)
Parsing file /tmp/tlc-8349646017264158404/TLCExt.tla (jar:file:/sessions/sleepy-elegant-mccarthy/mnt/maestria/evm-cosmos-indicator-htlc/formal/tla2tools.jar!/tla2sany/StandardModules/TLCExt.tla)
Parsing file /tmp/tlc-8349646017264158404/Sequences.tla (jar:file:/sessions/sleepy-elegant-mccarthy/mnt/maestria/evm-cosmos-indicator-htlc/formal/tla2tools.jar!/tla2sany/StandardModules/Sequences.tla)
Parsing file /tmp/tlc-8349646017264158404/FiniteSets.tla (jar:file:/sessions/sleepy-elegant-mccarthy/mnt/maestria/evm-cosmos-indicator-htlc/formal/tla2tools.jar!/tla2sany/StandardModules/FiniteSets.tla)
Parsing file /tmp/tlc-8349646017264158404/Integers.tla (jar:file:/sessions/sleepy-elegant-mccarthy/mnt/maestria/evm-cosmos-indicator-htlc/formal/tla2tools.jar!/tla2sany/StandardModules/Integers.tla)
Semantic processing of module Naturals
Semantic processing of module Sequences
Semantic processing of module FiniteSets
Semantic processing of module TLC
Semantic processing of module Integers
Semantic processing of module TLCExt
Semantic processing of module _TLCTrace
Semantic processing of module HTLCCallback
Linting of module TLCExt
Linting of module _TLCTrace
Linting of module HTLCCallback
Starting... (2026-08-23 21:48:57)
Computing initial states...
Finished computing initial states: 1 distinct state generated at 2026-08-23 21:48:57.
Error: Invariant I2 is violated.
Error: The behavior up to this point is:
State 1: <Initial predicate>
/\ msgId = "noid"
/\ srcTok = "none"
/\ prepInFlight = FALSE
/\ dstTok = "none"
/\ srcAmt = 0
/\ msgAmt = 0
/\ dstAmt = 0
/\ cbDropped = FALSE
/\ t = 0
/\ sigmaD = "NONE"
/\ prepDropped = FALSE
/\ cbInFlight = FALSE
/\ sigmaS = "NONE"
/\ dstId = "noid"

State 2: <LockForBurn line 137, col 5 to line 144, col 55 of module HTLCCallback>
/\ msgId = "iA"
/\ srcTok = "cA"
/\ prepInFlight = TRUE
/\ dstTok = "none"
/\ srcAmt = 1
/\ msgAmt = 1
/\ dstAmt = 0
/\ cbDropped = FALSE
/\ t = 0
/\ sigmaD = "NONE"
/\ prepDropped = FALSE
/\ cbInFlight = FALSE
/\ sigmaS = "LOCKED"
/\ dstId = "noid"

State 3: <RelayDeliverPrepare line 153, col 5 to line 162, col 69 of module HTLCCallback>
/\ msgId = "iA"
/\ srcTok = "cA"
/\ prepInFlight = TRUE
/\ dstTok = "cA"
/\ srcAmt = 1
/\ msgAmt = 1
/\ dstAmt = 1
/\ cbDropped = FALSE
/\ t = 0
/\ sigmaD = "PENDING"
/\ prepDropped = FALSE
/\ cbInFlight = FALSE
/\ sigmaS = "LOCKED"
/\ dstId = "iA"

State 4: <ClaimMint line 186, col 5 to line 191, col 80 of module HTLCCallback>
/\ msgId = "iA"
/\ srcTok = "cA"
/\ prepInFlight = TRUE
/\ dstTok = "cA"
/\ srcAmt = 1
/\ msgAmt = 1
/\ dstAmt = 1
/\ cbDropped = FALSE
/\ t = 0
/\ sigmaD = "MINTED"
/\ prepDropped = FALSE
/\ cbInFlight = TRUE
/\ sigmaS = "LOCKED"
/\ dstId = "iA"

State 5: <Tick line 246, col 5 to line 251, col 42 of module HTLCCallback>
/\ msgId = "iA"
/\ srcTok = "cA"
/\ prepInFlight = TRUE
/\ dstTok = "cA"
/\ srcAmt = 1
/\ msgAmt = 1
/\ dstAmt = 1
/\ cbDropped = FALSE
/\ t = 1
/\ sigmaD = "MINTED"
/\ prepDropped = FALSE
/\ cbInFlight = TRUE
/\ sigmaS = "LOCKED"
/\ dstId = "iA"

State 6: <Tick line 246, col 5 to line 251, col 42 of module HTLCCallback>
/\ msgId = "iA"
/\ srcTok = "cA"
/\ prepInFlight = TRUE
/\ dstTok = "cA"
/\ srcAmt = 1
/\ msgAmt = 1
/\ dstAmt = 1
/\ cbDropped = FALSE
/\ t = 2
/\ sigmaD = "MINTED"
/\ prepDropped = FALSE
/\ cbInFlight = TRUE
/\ sigmaS = "LOCKED"
/\ dstId = "iA"

State 7: <Tick line 246, col 5 to line 251, col 42 of module HTLCCallback>
/\ msgId = "iA"
/\ srcTok = "cA"
/\ prepInFlight = TRUE
/\ dstTok = "cA"
/\ srcAmt = 1
/\ msgAmt = 1
/\ dstAmt = 1
/\ cbDropped = FALSE
/\ t = 3
/\ sigmaD = "MINTED"
/\ prepDropped = FALSE
/\ cbInFlight = TRUE
/\ sigmaS = "LOCKED"
/\ dstId = "iA"

State 8: <Tick line 246, col 5 to line 251, col 42 of module HTLCCallback>
/\ msgId = "iA"
/\ srcTok = "cA"
/\ prepInFlight = TRUE
/\ dstTok = "cA"
/\ srcAmt = 1
/\ msgAmt = 1
/\ dstAmt = 1
/\ cbDropped = FALSE
/\ t = 4
/\ sigmaD = "MINTED"
/\ prepDropped = FALSE
/\ cbInFlight = TRUE
/\ sigmaS = "LOCKED"
/\ dstId = "iA"

State 9: <Tick line 246, col 5 to line 251, col 42 of module HTLCCallback>
/\ msgId = "iA"
/\ srcTok = "cA"
/\ prepInFlight = TRUE
/\ dstTok = "cA"
/\ srcAmt = 1
/\ msgAmt = 1
/\ dstAmt = 1
/\ cbDropped = FALSE
/\ t = 5
/\ sigmaD = "MINTED"
/\ prepDropped = FALSE
/\ cbInFlight = TRUE
/\ sigmaS = "LOCKED"
/\ dstId = "iA"

State 10: <Tick line 246, col 5 to line 251, col 42 of module HTLCCallback>
/\ msgId = "iA"
/\ srcTok = "cA"
/\ prepInFlight = TRUE
/\ dstTok = "cA"
/\ srcAmt = 1
/\ msgAmt = 1
/\ dstAmt = 1
/\ cbDropped = FALSE
/\ t = 6
/\ sigmaD = "MINTED"
/\ prepDropped = FALSE
/\ cbInFlight = TRUE
/\ sigmaS = "LOCKED"
/\ dstId = "iA"

State 11: <RefundBurn line 234, col 5 to line 239, col 42 of module HTLCCallback>
/\ msgId = "iA"
/\ srcTok = "cA"
/\ prepInFlight = TRUE
/\ dstTok = "cA"
/\ srcAmt = 1
/\ msgAmt = 1
/\ dstAmt = 1
/\ cbDropped = FALSE
/\ t = 6
/\ sigmaD = "MINTED"
/\ prepDropped = FALSE
/\ cbInFlight = TRUE
/\ sigmaS = "REFUNDED"
/\ dstId = "iA"

877 states generated, 360 distinct states found, 68 states left on queue.
The depth of the complete state graph search is 11.
Finished in 00s at (2026-08-23 21:48:57)
Trace exploration spec path: ./HTLCCallback_TTrace_1787532537.tla
