TLC2 Version 2026.03.02.213938 (rev: 54e73ad)
Running breadth-first search Model-Checking with fp 128 and seed -5223281724956454449 with 1 worker on 4 cores with 869MB heap and 64MB offheap memory [pid: 85] (Linux 6.8.0-124-generic aarch64, Ubuntu 11.0.31 x86_64, MSBDiskFPSet, DiskStateQueue).
Parsing file /sessions/brave-tender-dirac/mnt/maestria/evm-cosmos-indicator-htlc/formal/HTLCCallback.tla
Parsing file /tmp/tlc-11817593542973756868/Naturals.tla (jar:file:/sessions/brave-tender-dirac/mnt/maestria/evm-cosmos-indicator-htlc/formal/tla2tools.jar!/tla2sany/StandardModules/Naturals.tla)
Parsing file /tmp/tlc-11817593542973756868/_TLCTrace.tla (jar:file:/sessions/brave-tender-dirac/mnt/maestria/evm-cosmos-indicator-htlc/formal/tla2tools.jar!/tla2sany/StandardModules/_TLCTrace.tla)
Parsing file /tmp/tlc-11817593542973756868/TLC.tla (jar:file:/sessions/brave-tender-dirac/mnt/maestria/evm-cosmos-indicator-htlc/formal/tla2tools.jar!/tla2sany/StandardModules/TLC.tla)
Parsing file /tmp/tlc-11817593542973756868/TLCExt.tla (jar:file:/sessions/brave-tender-dirac/mnt/maestria/evm-cosmos-indicator-htlc/formal/tla2tools.jar!/tla2sany/StandardModules/TLCExt.tla)
Parsing file /tmp/tlc-11817593542973756868/Sequences.tla (jar:file:/sessions/brave-tender-dirac/mnt/maestria/evm-cosmos-indicator-htlc/formal/tla2tools.jar!/tla2sany/StandardModules/Sequences.tla)
Parsing file /tmp/tlc-11817593542973756868/FiniteSets.tla (jar:file:/sessions/brave-tender-dirac/mnt/maestria/evm-cosmos-indicator-htlc/formal/tla2tools.jar!/tla2sany/StandardModules/FiniteSets.tla)
Parsing file /tmp/tlc-11817593542973756868/Integers.tla (jar:file:/sessions/brave-tender-dirac/mnt/maestria/evm-cosmos-indicator-htlc/formal/tla2tools.jar!/tla2sany/StandardModules/Integers.tla)
Semantic processing of module Naturals
Semantic processing of module Sequences
Semantic processing of module FiniteSets
Semantic processing of module TLC
Semantic processing of module Integers
Semantic processing of module TLCExt
Semantic processing of module _TLCTrace
Semantic processing of module HTLCCallback
Linting of module TLCExt
Linting of module _TLCTrace
Linting of module HTLCCallback
Starting... (2026-07-03 13:20:17)
Computing initial states...
Finished computing initial states: 1 distinct state generated at 2026-07-03 13:20:17.
Error: Invariant I2 is violated.
Error: The behavior up to this point is:
State 1: <Initial predicate>
/\ prepInFlight = FALSE
/\ cbDropped = FALSE
/\ t = 0
/\ sigmaD = "NONE"
/\ prepDropped = FALSE
/\ lockEverExisted = FALSE
/\ cbInFlight = FALSE
/\ sigmaS = "NONE"

State 2: <LockForBurn line 90, col 5 to line 94, col 66 of module HTLCCallback>
/\ prepInFlight = TRUE
/\ cbDropped = FALSE
/\ t = 0
/\ sigmaD = "NONE"
/\ prepDropped = FALSE
/\ lockEverExisted = TRUE
/\ cbInFlight = FALSE
/\ sigmaS = "LOCKED"

State 3: <RelayDeliverPrepare line 103, col 5 to line 107, col 59 of module HTLCCallback>
/\ prepInFlight = TRUE
/\ cbDropped = FALSE
/\ t = 0
/\ sigmaD = "PENDING"
/\ prepDropped = FALSE
/\ lockEverExisted = TRUE
/\ cbInFlight = FALSE
/\ sigmaS = "LOCKED"

State 4: <ClaimMint line 121, col 5 to line 126, col 47 of module HTLCCallback>
/\ prepInFlight = TRUE
/\ cbDropped = FALSE
/\ t = 0
/\ sigmaD = "MINTED"
/\ prepDropped = FALSE
/\ lockEverExisted = TRUE
/\ cbInFlight = TRUE
/\ sigmaS = "LOCKED"

State 5: <Tick line 181, col 5 to line 184, col 59 of module HTLCCallback>
/\ prepInFlight = TRUE
/\ cbDropped = FALSE
/\ t = 1
/\ sigmaD = "MINTED"
/\ prepDropped = FALSE
/\ lockEverExisted = TRUE
/\ cbInFlight = TRUE
/\ sigmaS = "LOCKED"

State 6: <Tick line 181, col 5 to line 184, col 59 of module HTLCCallback>
/\ prepInFlight = TRUE
/\ cbDropped = FALSE
/\ t = 2
/\ sigmaD = "MINTED"
/\ prepDropped = FALSE
/\ lockEverExisted = TRUE
/\ cbInFlight = TRUE
/\ sigmaS = "LOCKED"

State 7: <Tick line 181, col 5 to line 184, col 59 of module HTLCCallback>
/\ prepInFlight = TRUE
/\ cbDropped = FALSE
/\ t = 3
/\ sigmaD = "MINTED"
/\ prepDropped = FALSE
/\ lockEverExisted = TRUE
/\ cbInFlight = TRUE
/\ sigmaS = "LOCKED"

State 8: <Tick line 181, col 5 to line 184, col 59 of module HTLCCallback>
/\ prepInFlight = TRUE
/\ cbDropped = FALSE
/\ t = 4
/\ sigmaD = "MINTED"
/\ prepDropped = FALSE
/\ lockEverExisted = TRUE
/\ cbInFlight = TRUE
/\ sigmaS = "LOCKED"

State 9: <Tick line 181, col 5 to line 184, col 59 of module HTLCCallback>
/\ prepInFlight = TRUE
/\ cbDropped = FALSE
/\ t = 5
/\ sigmaD = "MINTED"
/\ prepDropped = FALSE
/\ lockEverExisted = TRUE
/\ cbInFlight = TRUE
/\ sigmaS = "LOCKED"

State 10: <RefundBurn line 172, col 5 to line 177, col 59 of module HTLCCallback>
/\ prepInFlight = TRUE
/\ cbDropped = FALSE
/\ t = 5
/\ sigmaD = "MINTED"
/\ prepDropped = FALSE
/\ lockEverExisted = TRUE
/\ cbInFlight = TRUE
/\ sigmaS = "REFUNDED"

212 states generated, 93 distinct states found, 18 states left on queue.
The depth of the complete state graph search is 10.
Finished in 00s at (2026-07-03 13:20:17)
Trace exploration spec path: ./HTLCCallback_TTrace_1783095617.tla
